error: Unknown binop `&&`, for `int` and `int`
  ┌─ $DD/tests/run-fail/binop/mismatch/and.sk:2:7
  │
2 │     1 && 2;
  │     - ^^ - LHS evaluated to Int(2)
  │     │ │   
  │     │ In this operator
  │     LHS evaluated to Int(1)

