error: Unknown binop `>`, for `string` and `string`
  ┌─ $DD/tests/run-fail/binop/mismatch/gt.sk:2:9
  │
2 │     "x" > "y";
  │     --- ^ --- LHS evaluated to `"y"`
  │     │   │  
  │     │   In this operator
  │     LHS evaluated to `"x"`

