error: Unknown binop `||`, for `int` and `int`
  ┌─ $DD/tests/run-fail/binop/mismatch/or.sk:2:7
  │
2 │     1 || 2;
  │     - ^^ - Evaluated to `2`
  │     │ │   
  │     │ In this operator
  │     Evaluated to `1`

