error: Couldn't find variable `x` in scope
  ┌─ $DD/tests/run-fail/array/array-oos.sk:2:5
  │
2 │     x[0] = 2;
  │     ^
  │
  = Variables in scope: []

