error: Array index out of bound, len is `3`, but got `3`
  ┌─ $DD/tests/run-fail/array/lvalue-oob.sk:3:5
  │
3 │     a[3] = a;
  │     - - Evaluated to `3`
  │     │  
  │     Evaluated to `[1, 2, 3]`

