error: Unknown binop `==`, for `int` and `string`
  ┌─ $DD/tests/run-fail/array/nested-eq.sk:2:12
  │
2 │     [1, 2] == [1, "2"];
  │     ------ ^^ -------- LHS evaluated to "2"
  │     │      │   
  │     │      In this operator
  │     LHS evaluated to 2

