error: Unknown binop `+`, for `array` and `array`
  ┌─ $DD/tests/run-fail/array/no-op-nested.sk:4:14
  │
4 │     [[[1]]]  + [[[2]]]
  │     -------  ^ ------- LHS evaluated to `[[[2]]]`
  │     │        │  
  │     │        In this operator
  │     LHS evaluated to `[[[1]]]`

