error: `main` returned `String("hello")` with type `string`, expected `null` or `int`

