error: Couldn't find variable `x` in scope
  ┌─ $DD/tests/run-fail/map/lvalue-oos.sk:2:5
  │
2 │     x.y = z;
  │     ^
  │
  = Variables in scope: []

