---
source: src/main.rs
expression: f

---
Literal:
  Integer: 1

