---
source: src/main.rs
expression: f

---
name: c
args: []
ret: ~
body:
  - Let:
      - x
      - Var: y

