---
source: src/ast_tests.rs
expression: f

---
name:
  node: c
  span:
    - 3
    - 4
args:
  node: []
  span:
    - 4
    - 6
ret: ~
body:
  node:
    - Let:
        - node: x
          span:
            - 11
            - 12
        - Var: y
  span:
    - 6
    - 17

