---
source: src/ast_tests.rs
expression: f

---
node:
  BinOp:
    - node:
        BinOp:
          - node:
              Literal:
                node:
                  Integer: 1
                span:
                  start: 0
                  end: 1
                  file_id: 100
            span:
              start: 0
              end: 1
              file_id: 100
          - node: Equals
            span:
              start: 1
              end: 3
              file_id: 100
          - node:
              Literal:
                node:
                  Integer: 2
                span:
                  start: 3
                  end: 4
                  file_id: 100
            span:
              start: 3
              end: 4
              file_id: 100
      span:
        start: 0
        end: 4
        file_id: 100
    - node: Equals
      span:
        start: 4
        end: 6
        file_id: 100
    - node:
        BinOp:
          - node:
              Literal:
                node:
                  Integer: 3
                span:
                  start: 6
                  end: 7
                  file_id: 100
            span:
              start: 6
              end: 7
              file_id: 100
          - node: Plus
            span:
              start: 7
              end: 8
              file_id: 100
          - node:
              Literal:
                node:
                  Integer: 3
                span:
                  start: 8
                  end: 9
                  file_id: 100
            span:
              start: 8
              end: 9
              file_id: 100
      span:
        start: 6
        end: 9
        file_id: 100
span:
  start: 0
  end: 9
  file_id: 100

