---
source: src/main.rs
expression: f

---
name: bar
args:
  - name: x
    ty: Int
ret: ~
body: []

