---
source: src/ast_tests.rs
expression: f

---
node:
  Literal:
    node:
      String: "ab\\\""
    span:
      - 0
      - 6
span:
  - 0
  - 6

