---
source: src/ast_tests.rs
expression: f

---
name: baz
args:
  - name: y
    ty: Int
  - name: z
    ty: String
ret: Int
body: []

