---
source: src/ast_tests.rs
expression: f

---
- Function:
    node:
      name:
        node: rand
        span:
          start: 3
          end: 7
          file_id: 100
      args:
        node: []
        span:
          start: 7
          end: 9
          file_id: 100
      ret: ~
      body:
        node:
          - Print:
              node:
                Literal:
                  node:
                    Integer: 1
                  span:
                    start: 17
                    end: 18
                    file_id: 100
              span:
                start: 17
                end: 18
                file_id: 100
        span:
          start: 9
          end: 20
          file_id: 100
    span:
      start: 0
      end: 20
      file_id: 100

