---
source: src/main.rs
expression: f

---
Print:
  Literal:
    String: "2"

