---
source: src/ast_tests.rs
expression: f

---
Let:
  - node: x
    span:
      - 4
      - 5
  - If:
      - Var:
          node: a
          span:
            - 11
            - 12
      - node:
          - Expr:
              Var:
                node: b
                span:
                  - 14
                  - 15
        span:
          - 13
          - 16
      - node:
          - Expr:
              Var:
                node: c
                span:
                  - 23
                  - 24
        span:
          - 22
          - 25

