Error: No function with name `boo`

Location:
    src/exec.rs:79:28
